>>> from print_square import print_square

# Test with size 2
>>> print_square(2)
##
##

# Test with size 4
>>> print_square(4)
####
####
####
####

# Test with size 0
>>> print_square(0)

# Test with size 1
>>> print_square(1)
#

# Test with non-integer size
>>> print_square("3")
Traceback (most recent call last):
    ...
TypeError: size must be an integer

# Test with negative size
>>> print_square(-1)
Traceback (most recent call last):
    ...
ValueError: size must be >= 0

# Test with float size
>>> print_square(3.5)
Traceback (most recent call last):
    ...
TypeError: size must be an integer
