>>> from text_indentation import text_indentation

# Test with a simple text
>>> text = "Hello. How are you? I'm fine: thanks."
>>> text_indentation(text)
Hello.

How are you?

I'm fine:

thanks.

# Test with text without special characters
>>> text = "Hello How are you I'm fine thanks"
>>> text_indentation(text)
Hello How are you I'm fine thanks

# Test with text that includes leading and trailing spaces
>>> text = "   Hello.   How are you?    I'm fine:   thanks.   "
>>> text_indentation(text)
Hello.

How are you?

I'm fine:

thanks.

# Test with non-string input
>>> text_indentation(12345)
Traceback (most recent call last):
    ...
TypeError: text must be a string
