"""
This is a test for the BaseGeometry class.

>>> from 7_base_geometry import BaseGeometry

>>> bg = BaseGeometry()

# Test that area() raises the correct exception
>>> bg.area()
Traceback (most recent call last):
    ...
Exception: area() is not implemented

# Test integer_validator with a valid integer
>>> bg.integer_validator("value", 10)

# Test integer_validator raises TypeError for non-integer input
>>> bg.integer_validator("value", "10")
Traceback (most recent call last):
    ...
TypeError: value must be an integer

# Test integer_validator raises ValueError for 0
>>> bg.integer_validator("value", 0)
Traceback (most recent call last):
    ...
ValueError: value must be greater than 0

# Test integer_validator raises ValueError for negative integer
>>> bg.integer_validator("value", -5)
Traceback (most recent call last):
    ...
ValueError: value must be greater than 0
"""
